Current time = 2021 Jul  1 17:03:56 UTC
Earth rotation parameter file date 2021 Jun 24
GPS positions for JD 2459388.666667 = 2021 Jun 23  4:00:00.000 UTC
Observatory (W86) Cerro Tololo-LCO B 2021 Jun 23  4:00:00.000
Longitude -70.804670, latitude -30.167328  alt 2204.09 m
 Nr:    RA      (J2000)     dec     dist (km)    Azim   Alt Elo  Rate  PA    Desig
C34: *11 39 21.9774 +01 32 46.175  26843.16644  273.4   3.1  83 28.34 146.5 2018-078B Beidou-3 M16
G27:  11 16 39.3113 -21 34 38.878  25003.58978  250.4   9.6  88 29.99 145.6 2013-023A BLOCK IIF
G20:  01 31 10.1585 -45 36 09.600  25576.67257  143.6   2.0  93 31.77  80.0 2000-025A BLOCK IIR-A
E15:  12 57 45.7021 +17 08 08.977  27722.91588  297.2  10.9  94 26.73 147.7 2018-060A GALILEO-2
R13:  10 00 32.6477 -58 42 11.877  23042.03757  210.3  15.9  95 35.28  95.9 2007-065A GLONASS-M
C20:  00 45 54.8584 -42 11 41.726  26501.94445  135.8   6.1  99 30.92 112.4 2017-069B Beidou-3 M2
E11:  00 19 13.2758 -39 34 23.526  27957.33618  130.8   8.9 102 25.65  44.2 2011-060A GALILEO-1
G05:  00 33 33.1076 -47 13 49.024  24783.78310  138.8  10.8 103 32.70  96.6 2009-043A BLOCK IIR-M
E05:  20 54 04.4122 +43 01 55.769  28664.34787   35.7   2.1 103 24.07 143.4 2016-069D GALILEO-2
C12:  12 38 16.2682 -19 04 55.895  24531.23573  261.8  25.6 104 29.84 148.7 2012-018B Beidou 13
G16:  11 41 53.3995 -54 21 12.282  23276.45840  220.5  26.9 105 32.15 103.1 2003-005A BLOCK IIR-A
E09:  22 49 58.6883 +05 02 16.573  28442.79496   81.5   4.3 105 26.16 145.9 2015-079A GALILEO-2
C29:  23 26 37.7772 -25 06 33.687  25960.41730  112.5  11.3 108 28.36  36.2 2018-029A Beidou-3 M7
C45:  18 02 28.5550 +42 34 43.125  25382.69412    7.7  16.7 114 28.37  38.8 2019-061B Beidou-3 M24
C24:  13 02 11.6904 -37 12 03.109  23630.54438  243.8  36.6 114 32.65  51.9 2018-062B Beidou-3 M10
R07:  21 19 10.0653 +20 48 26.103  23233.20968   55.7  13.5 116 33.32 158.8 2011-064B GLONASS-M
G31:  14 26 11.4785 +10 57 51.088  22423.92904  307.3  31.1 116 34.10  31.3 2006-042A BLOCK IIR-M
R21:  23 15 06.8806 -59 21 30.207  22050.03500  145.2  26.4 117 33.69  35.4 2014-032A GLONASS-M
E30:  13 07 45.6699 -52 41 26.751  25158.66898  224.4  39.3 117 28.89  71.8 2015-045B GALILEO-2
G10:  17 39 50.6146 +36 52 02.327  23326.69346    3.8  22.8 119 31.63 146.5 2015-062A BLOCK IIF
C22:  19 49 18.7233 +28 57 29.663  24966.44104   34.2  21.2 122 28.85 149.0 2018-018A Beidou-3 M5
C44:  13 48 29.2608 -40 16 58.213  22992.20100  241.5  46.0 124 30.84 140.2 2019-078A Beidou-3 M21
G25:  19 58 07.7612 +24 16 48.962  23108.72253   38.9  23.9 125 33.13  34.1 2010-022A BLOCK IIF
C19:  21 50 40.1531 -13 11 07.807  24511.31124   90.4  26.1 126 31.52 143.2 2017-069A Beidou-3 M1
E18:  22 01 59.3014 -25 04 39.498  28189.52877  103.8  28.7 127 22.54  41.7 2014-050A GALILEO-2
R22:  14 53 21.2109 -62 20 07.792  20345.53489  205.6  49.9 129 36.38 146.9 2010-007B GLONASS-M
G29:  21 54 47.4639 -36 03 04.274  22550.20048  115.4  33.6 130 32.51  35.8 2007-062A BLOCK IIR-M
E25:  19 01 39.4790 +23 12 52.280  25757.56869   27.0  31.5 132 27.71  31.4 2017-079B GALILEO-2
G26:  14 53 10.5269 -47 16 48.994  20964.57854  228.2  56.8 135 35.92  58.2 2015-013A BLOCK IIF
C26:  15 30 00.1790 -00 08 47.022  22698.90742  313.2  50.0 135 32.54  31.8 2018-067A Beidou-3 M11
R11:  16 59 20.6435 +16 03 36.861  20697.11259  352.5  43.5 137 37.26  20.2 2020-075A GLONASS-K1
R12:  15 00 26.9158 -36 06 48.526  19765.55904  248.9  60.0 138 40.41  31.9 2019-030A GLONASS-M
C35:  19 51 10.2966 -59 33 15.250  22655.74133  150.3  51.4 140 30.88  70.3 2018-078A Beidou-3 M15
E36:  19 13 43.1084 -60 48 19.483  24207.42686  156.8  54.2 141 28.42 103.7 2018-060C GALILEO-2
G23:  19 03 17.4070 +07 49 54.357  21637.83575   36.7  44.9 146 34.83 149.9 2020-041A BLOCK IIIA
G18:  17 48 21.6396 -48 39 50.076  20449.17977  166.3  70.8 154 36.06 130.6 2019-056A BLOCK IIIA
E02:  16 55 46.3996 -20 23 19.273  23315.41979  327.5  78.6 163 30.55  32.4 2016-030A GALILEO-2
